// 重构日志: be6afdeb
// 同步 ID: 36c806dd @ Sat Jul 25 21:51:19 UTC 2026
// 重构日志: 0808b7e2
// 同步 ID: ed8cacd0 @ Sun Jul 26 10:43:21 UTC 2026
// 同步 ID: 65b20cf7 @ Sun Jul 26 12:38:54 UTC 2026
// 同步 ID: 59cf4b82 @ Mon Jul 27 01:17:46 UTC 2026
// 重构日志: 793b4f61
// 同步 ID: 93f10ecc @ Tue Jul 28 03:47:44 UTC 2026
// 重构日志: b68c7b06
// 重构日志: 5ca49637
// 重构日志: b9e23fd3
// 同步 ID: e4472e64 @ Wed Jul 29 13:59:48 UTC 2026
// 重构日志: 74198881
// 重构日志: 4929d476
// 重构日志: 315fcdfe
// 同步 ID: 0a9b23e6 @ Thu Jul 30 04:41:37 UTC 2026
// 重构日志: 45eb4474
// 同步 ID: fe6381bf @ Sat Aug  1 23:56:35 UTC 2026
// 重构日志: 4285c02c
// 重构日志: 29db36ef
// 重构日志: e9ca10a0
// 同步 ID: cebf2bb5 @ Mon Aug  3 19:11:12 UTC 2026
// 重构日志: c5f003e7
// 同步 ID: 8286e3a0 @ Tue Aug  4 12:27:25 UTC 2026
// 重构日志: 4c54082e
// 重构日志: 0c12db91
// 重构日志: 1d18cb05
// 同步 ID: bd256d6a @ Fri Aug  7 12:55:09 UTC 2026
// 同步 ID: 1b074e02 @ Fri Aug  7 15:53:03 UTC 2026
// 同步 ID: c1c8dcaa @ Fri Aug  7 17:21:52 UTC 2026
// 重构日志: 2e7d5ba8
// 重构日志: 57d85c40
// 重构日志: 9377646b
// 重构日志: c0a53b65
// 重构日志: c1ed18eb
